[    0.000000] Linux version 4.15.0-204-generic (buildd@lcy02-amd64-030) (gcc version 7.5.0 (Ubuntu 7.5.0-3ubuntu1~18.04)) #215-Ubuntu SMP Fri Jan 20 18:24:59 UTC 2023 (Ubuntu 4.15.0-204.215-generic 4.15.18)
[    0.000000] Command line: BOOT_IMAGE=/boot/vmlinuz-4.15.0-204-generic root=LABEL=cloudimg-rootfs ro console=tty1 console=ttyS0
[    0.000000] KERNEL supported cpus:
[    0.000000]   Intel GenuineIntel
[    0.000000]   AMD AuthenticAMD
[    0.000000]   Centaur CentaurHauls
[    0.000000] x86/fpu: Supporting XSAVE feature 0x001: 'x87 floating point registers'
[    0.000000] x86/fpu: Supporting XSAVE feature 0x002: 'SSE registers'
[    0.000000] x86/fpu: Supporting XSAVE feature 0x004: 'AVX registers'
[    0.000000] x86/fpu: xstate_offset[2]:  576, xstate_sizes[2]:  256
[    0.000000] x86/fpu: Enabled xstate features 0x7, context size is 832 bytes, using 'standard' format.
[    0.000000] e820: BIOS-provided physical RAM map:
[    0.000000] BIOS-e820: [mem 0x0000000000000000-0x000000000009fbff] usable
[    0.000000] BIOS-e820: [mem 0x000000000009fc00-0x000000000009ffff] reserved
[    0.000000] BIOS-e820: [mem 0x00000000000f0000-0x00000000000fffff] reserved
[    0.000000] BIOS-e820: [mem 0x0000000000100000-0x000000003ffeffff] usable
[    0.000000] BIOS-e820: [mem 0x000000003fff0000-0x000000003fffffff] ACPI data
[    0.000000] BIOS-e820: [mem 0x00000000fec00000-0x00000000fec00fff] reserved
[    0.000000] BIOS-e820: [mem 0x00000000fee00000-0x00000000fee00fff] reserved
[    0.000000] BIOS-e820: [mem 0x00000000fffc0000-0x00000000ffffffff] reserved
[    0.000000] NX (Execute Disable) protection: active
[    0.000000] SMBIOS 2.5 present.
[    0.000000] DMI: innotek GmbH VirtualBox/VirtualBox, BIOS VirtualBox 12/01/2006
[    0.000000] Hypervisor detected: KVM
[    0.000000] e820: last_pfn = 0x3fff0 max_arch_pfn = 0x400000000
[    0.000000] MTRR: Disabled
[    0.000000] x86/PAT: MTRRs disabled, skipping PAT initialization too.
[    0.000000] CPU MTRRs all blank - virtualized system.
[    0.000000] x86/PAT: Configuration [0-7]: WB  WT  UC- UC  WB  WT  UC- UC  
[    0.000000] found SMP MP-table at [mem 0x0009fff0-0x0009ffff]
[    0.000000] Scanning 1 areas for low memory corruption
[    0.000000] RAMDISK: [mem 0x359c9000-0x36cdbfff]
[    0.000000] ACPI: Early table checksum verification disabled
[    0.000000] ACPI: RSDP 0x00000000000E0000 000024 (v02 VBOX  )
[    0.000000] ACPI: XSDT 0x000000003FFF0030 00003C (v01 VBOX   VBOXXSDT 00000001 ASL  00000061)
[    0.000000] ACPI: FACP 0x000000003FFF00F0 0000F4 (v04 VBOX   VBOXFACP 00000001 ASL  00000061)
[    0.000000] ACPI: DSDT 0x000000003FFF0470 002325 (v02 VBOX   VBOXBIOS 00000002 INTL 20200925)
[    0.000000] ACPI: FACS 0x000000003FFF0200 000040
[    0.000000] ACPI: FACS 0x000000003FFF0200 000040
[    0.000000] ACPI: APIC 0x000000003FFF0240 00005C (v02 VBOX   VBOXAPIC 00000001 ASL  00000061)
[    0.000000] ACPI: SSDT 0x000000003FFF02A0 0001CC (v01 VBOX   VBOXCPUT 00000002 INTL 20200925)
[    0.000000] ACPI: Reserving FACP table memory at [mem 0x3fff00f0-0x3fff01e3]
[    0.000000] ACPI: Reserving DSDT table memory at [mem 0x3fff0470-0x3fff2794]
[    0.000000] ACPI: Reserving FACS table memory at [mem 0x3fff0200-0x3fff023f]
[    0.000000] ACPI: Reserving FACS table memory at [mem 0x3fff0200-0x3fff023f]
[    0.000000] ACPI: Reserving APIC table memory at [mem 0x3fff0240-0x3fff029b]
[    0.000000] ACPI: Reserving SSDT table memory at [mem 0x3fff02a0-0x3fff046b]
[    0.000000] No NUMA configuration found
[    0.000000] Faking a node at [mem 0x0000000000000000-0x000000003ffeffff]
[    0.000000] NODE_DATA(0) allocated [mem 0x3ffc5000-0x3ffeffff]
[    0.000000] kvm-clock: cpu 0, msr 0:3ff44001, primary cpu clock
[    0.000000] kvm-clock: Using msrs 4b564d01 and 4b564d00
[    0.000000] kvm-clock: using sched offset of 4090420075 cycles
[    0.000000] clocksource: kvm-clock: mask: 0xffffffffffffffff max_cycles: 0x1cd42e4dffb, max_idle_ns: 881590591483 ns
[    0.000000] Zone ranges:
[    0.000000]   DMA      [mem 0x0000000000001000-0x0000000000ffffff]
[    0.000000]   DMA32    [mem 0x0000000001000000-0x000000003ffeffff]
[    0.000000]   Normal   empty
[    0.000000]   Device   empty
[    0.000000] Movable zone start for each node
[    0.000000] Early memory node ranges
[    0.000000]   node   0: [mem 0x0000000000001000-0x000000000009efff]
[    0.000000]   node   0: [mem 0x0000000000100000-0x000000003ffeffff]
[    0.000000] Reserved but unavailable: 104 pages
[    0.000000] Initmem setup node 0 [mem 0x0000000000001000-0x000000003ffeffff]
[    0.000000] ACPI: PM-Timer IO Port: 0x4008
[    0.000000] IOAPIC[0]: apic_id 2, version 32, address 0xfec00000, GSI 0-23
[    0.000000] ACPI: INT_SRC_OVR (bus 0 bus_irq 0 global_irq 2 dfl dfl)
[    0.000000] ACPI: INT_SRC_OVR (bus 0 bus_irq 9 global_irq 9 low level)
[    0.000000] Using ACPI (MADT) for SMP configuration information
[    0.000000] smpboot: Allowing 2 CPUs, 0 hotplug CPUs
[    0.000000] PM: Registered nosave memory: [mem 0x00000000-0x00000fff]
[    0.000000] PM: Registered nosave memory: [mem 0x0009f000-0x0009ffff]
[    0.000000] PM: Registered nosave memory: [mem 0x000a0000-0x000effff]
[    0.000000] PM: Registered nosave memory: [mem 0x000f0000-0x000fffff]
[    0.000000] e820: [mem 0x40000000-0xfebfffff] available for PCI devices
[    0.000000] Booting paravirtualized kernel on KVM
[    0.000000] clocksource: refined-jiffies: mask: 0xffffffff max_cycles: 0xffffffff, max_idle_ns: 7645519600211568 ns
[    0.000000] setup_percpu: NR_CPUS:8192 nr_cpumask_bits:2 nr_cpu_ids:2 nr_node_ids:1
[    0.000000] percpu: Embedded 50 pages/cpu s167936 r8192 d28672 u1048576
[    0.000000] PV qspinlock hash table entries: 256 (order: 0, 4096 bytes)
[    0.000000] Built 1 zonelists, mobility grouping on.  Total pages: 257913
[    0.000000] Policy zone: DMA32
[    0.000000] Kernel command line: BOOT_IMAGE=/boot/vmlinuz-4.15.0-204-generic root=LABEL=cloudimg-rootfs ro console=tty1 console=ttyS0
[    0.000000] Memory: 982640K/1048120K available (12300K kernel code, 2477K rwdata, 4324K rodata, 2480K init, 2720K bss, 65480K reserved, 0K cma-reserved)
[    0.000000] SLUB: HWalign=64, Order=0-3, MinObjects=0, CPUs=2, Nodes=1
[    0.000000] Kernel/User page tables isolation: enabled
[    0.000000] ftrace: allocating 39488 entries in 155 pages
[    0.004000] Hierarchical RCU implementation.
[    0.004000] 	RCU restricting CPUs from NR_CPUS=8192 to nr_cpu_ids=2.
[    0.004000] 	Tasks RCU enabled.
[    0.004000] RCU: Adjusting geometry for rcu_fanout_leaf=16, nr_cpu_ids=2
[    0.004000] NR_IRQS: 524544, nr_irqs: 440, preallocated irqs: 16
[    0.004000] random: crng init done
[    0.004000] Console: colour VGA+ 80x25
[    0.004000] console [tty1] enabled
[    0.004000] console [ttyS0] enabled
[    0.004000] ACPI: Core revision 20170831
[    0.004000] ACPI: 2 ACPI AML tables successfully acquired and loaded
[    0.004000] APIC: Switch to symmetric I/O mode setup
[    0.004000] x2apic enabled
[    0.004000] Switched APIC routing to physical x2apic.
[    0.004000] ..TIMER: vector=0x30 apic1=0 pin1=2 apic2=-1 pin2=-1
[    0.004005] tsc: Detected 2592.008 MHz processor
[    0.005004] Calibrating delay loop (skipped) preset value.. 5184.01 BogoMIPS (lpj=10368032)
[    0.008003] pid_max: default: 32768 minimum: 301
[    0.009034] Security Framework initialized
[    0.010019] Yama: becoming mindful.
[    0.010896] AppArmor: AppArmor initialized
[    0.012752] Dentry cache hash table entries: 131072 (order: 8, 1048576 bytes)
[    0.014261] Inode-cache hash table entries: 65536 (order: 7, 524288 bytes)
[    0.016013] Mount-cache hash table entries: 2048 (order: 2, 16384 bytes)
[    0.017334] Mountpoint-cache hash table entries: 2048 (order: 2, 16384 bytes)
[    0.019183] Last level iTLB entries: 4KB 64, 2MB 8, 4MB 8
[    0.020002] Last level dTLB entries: 4KB 64, 2MB 0, 4MB 0, 1GB 4
[    0.021426] Spectre V1 : Mitigation: usercopy/swapgs barriers and __user pointer sanitization
[    0.023211] Spectre V2 : Mitigation: Retpolines
[    0.024001] Spectre V2 : Spectre v2 / SpectreRSB mitigation: Filling RSB on context switch
[    0.025639] Spectre V2 : Spectre v2 / SpectreRSB : Filling RSB on VMEXIT
[    0.028024] RETBleed: WARNING: Spectre v2 mitigation leaves CPU vulnerable to RETBleed attacks, data leaks possible!
[    0.030199] RETBleed: Vulnerable
[    0.032002] Speculative Store Bypass: Vulnerable
[    0.033124] MDS: Mitigation: Clear CPU buffers
[    0.034120] MMIO Stale Data: Mitigation: Clear CPU buffers
[    0.035236] SRBDS: Unknown: Dependent on hypervisor status
[    0.036209] Freeing SMP alternatives memory: 36K
[    0.148077] smpboot: CPU0: Intel(R) Core(TM) i7-6700HQ CPU @ 2.60GHz (family: 0x6, model: 0x5e, stepping: 0x3)
[    0.150262] Performance Events: unsupported p6 CPU model 94 no PMU driver, software events only.
[    0.152030] Hierarchical SRCU implementation.
[    0.153489] NMI watchdog: Perf event create on CPU 0 failed with -2
[    0.154750] NMI watchdog: Perf NMI watchdog permanently disabled
[    0.156010] smp: Bringing up secondary CPUs ...
[    0.157081] x86: Booting SMP configuration:
[    0.158032] .... node  #0, CPUs:      #1
[    0.004000] kvm-clock: cpu 1, msr 0:3ff44041, secondary cpu clock
[    0.160052] smp: Brought up 1 node, 2 CPUs
[    0.161217] smpboot: Max logical packages: 1
[    0.164012] smpboot: Total of 2 processors activated (10368.03 BogoMIPS)
[    0.165697] devtmpfs: initialized
[    0.165697] x86/mm: Memory block size: 128MB
[    0.168062] evm: security.selinux
[    0.170094] evm: security.SMACK64
[    0.172003] evm: security.SMACK64EXEC
[    0.172806] evm: security.SMACK64TRANSMUTE
[    0.173770] evm: security.SMACK64MMAP
[    0.174654] evm: security.apparmor
[    0.175448] evm: security.ima
[    0.176002] evm: security.capability
[    0.176983] clocksource: jiffies: mask: 0xffffffff max_cycles: 0xffffffff, max_idle_ns: 7645041785100000 ns
[    0.178363] futex hash table entries: 512 (order: 3, 32768 bytes)
[    0.180076] pinctrl core: initialized pinctrl subsystem
[    0.182139] RTC time: 23:15:54, date: 02/22/23
[    0.184209] NET: Registered protocol family 16
[    0.185394] audit: initializing netlink subsys (disabled)
[    0.186840] audit: type=2000 audit(1677107759.704:1): state=initialized audit_enabled=0 res=1
[    0.188015] cpuidle: using governor ladder
[    0.188949] cpuidle: using governor menu
[    0.192052] ACPI: bus type PCI registered
[    0.193405] acpiphp: ACPI Hot Plug PCI Controller Driver version: 0.5
[    0.195178] PCI: Using configuration type 1 for base access
[    0.197860] HugeTLB registered 2.00 MiB page size, pre-allocated 0 pages
[    0.200093] ACPI: Added _OSI(Module Device)
[    0.201116] ACPI: Added _OSI(Processor Device)
[    0.202290] ACPI: Added _OSI(3.0 _SCP Extensions)
[    0.204004] ACPI: Added _OSI(Processor Aggregator Device)
[    0.205209] ACPI: Added _OSI(Linux-Dell-Video)
[    0.206395] ACPI: Added _OSI(Linux-Lenovo-NV-HDMI-Audio)
[    0.208010] ACPI: Added _OSI(Linux-HPI-Hybrid-Graphics)
[    0.209686] ACPI: Executed 1 blocks of module-level executable AML code
[    0.218709] ACPI: Interpreter enabled
[    0.220016] ACPI: (supports S0 S5)
[    0.220908] ACPI: Using IOAPIC for interrupt routing
[    0.222433] PCI: Using host bridge windows from ACPI; if necessary, use "pci=nocrs" and report a bug
[    0.224246] ACPI: Enabled 2 GPEs in block 00 to 07
[    0.234548] ACPI: PCI Root Bridge [PCI0] (domain 0000 [bus 00-ff])
[    0.236008] acpi PNP0A03:00: _OSC: OS supports [ASPM ClockPM Segments MSI]
[    0.238472] acpi PNP0A03:00: _OSC: not requesting OS control; OS requires [ExtendedConfig ASPM ClockPM MSI]
[    0.240012] acpi PNP0A03:00: fail to add MMCONFIG information, can't access extended PCI configuration space under this bridge.
[    0.244479] PCI host bridge to bus 0000:00
[    0.247008] pci_bus 0000:00: root bus resource [io  0x0000-0x0cf7 window]
[    0.248000] pci_bus 0000:00: root bus resource [io  0x0d00-0xffff window]
[    0.248005] pci_bus 0000:00: root bus resource [mem 0x000a0000-0x000bffff window]
[    0.252002] pci_bus 0000:00: root bus resource [mem 0x40000000-0xfdffffff window]
[    0.253544] pci_bus 0000:00: root bus resource [bus 00-ff]
[    0.257878] pci 0000:00:01.1: legacy IDE quirk: reg 0x10: [io  0x01f0-0x01f7]
[    0.259379] pci 0000:00:01.1: legacy IDE quirk: reg 0x14: [io  0x03f6]
[    0.260003] pci 0000:00:01.1: legacy IDE quirk: reg 0x18: [io  0x0170-0x0177]
[    0.261383] pci 0000:00:01.1: legacy IDE quirk: reg 0x1c: [io  0x0376]
[    0.277409] pci 0000:00:07.0: quirk: [io  0x4000-0x403f] claimed by PIIX4 ACPI
[    0.279371] pci 0000:00:07.0: quirk: [io  0x4100-0x410f] claimed by PIIX4 SMB
[    0.286294] ACPI: PCI Interrupt Link [LNKA] (IRQs 5 9 10 *11)
[    0.288251] ACPI: PCI Interrupt Link [LNKB] (IRQs 5 9 *10 11)
[    0.289632] ACPI: PCI Interrupt Link [LNKC] (IRQs 5 *9 10 11)
[    0.290880] ACPI: PCI Interrupt Link [LNKD] (IRQs 5 9 10 *11)
[    0.292374] SCSI subsystem initialized
[    0.293264] pci 0000:00:02.0: vgaarb: setting as boot VGA device
[    0.293539] pci 0000:00:02.0: vgaarb: VGA device added: decodes=io+mem,owns=io+mem,locks=none
[    0.296005] pci 0000:00:02.0: vgaarb: bridge control possible
[    0.297573] vgaarb: loaded
[    0.298482] ACPI: bus type USB registered
[    0.300026] usbcore: registered new interface driver usbfs
[    0.301144] usbcore: registered new interface driver hub
[    0.302284] usbcore: registered new device driver usb
[    0.304024] EDAC MC: Ver: 3.0.0
[    0.304972] PCI: Using ACPI for IRQ routing
[    0.305225] NetLabel: Initializing
[    0.305997] NetLabel:  domain hash size = 128
[    0.308003] NetLabel:  protocols = UNLABELED CIPSOv4 CALIPSO
[    0.309225] NetLabel:  unlabeled traffic allowed by default
[    0.310354] clocksource: Switched to clocksource kvm-clock
[    0.320720] VFS: Disk quotas dquot_6.6.0
[    0.322004] VFS: Dquot-cache hash table entries: 512 (order 0, 4096 bytes)
[    0.323424] AppArmor: AppArmor Filesystem Enabled
[    0.324578] pnp: PnP ACPI init
[    0.328051] pnp: PnP ACPI: found 3 devices
[    0.337070] clocksource: acpi_pm: mask: 0xffffff max_cycles: 0xffffff, max_idle_ns: 2085701024 ns
[    0.338990] NET: Registered protocol family 2
[    0.340065] IP idents hash table entries: 16384 (order: 5, 131072 bytes)
[    0.343095] TCP established hash table entries: 8192 (order: 4, 65536 bytes)
[    0.344623] TCP bind hash table entries: 8192 (order: 5, 131072 bytes)
[    0.346057] TCP: Hash tables configured (established 8192 bind 8192)
[    0.347378] UDP hash table entries: 512 (order: 2, 16384 bytes)
[    0.348726] UDP-Lite hash table entries: 512 (order: 2, 16384 bytes)
[    0.350041] NET: Registered protocol family 1
[    0.350959] pci 0000:00:00.0: Limiting direct PCI/PCI transfers
[    0.352189] pci 0000:00:01.0: Activating ISA DMA hang workarounds
[    0.353414] pci 0000:00:02.0: Video device with shadowed ROM at [mem 0x000c0000-0x000dffff]
[    0.355155] Unpacking initramfs...
[    0.616914] Freeing initrd memory: 19532K
[    0.617939] clocksource: tsc: mask: 0xffffffffffffffff max_cycles: 0x255cbea3061, max_idle_ns: 440795313801 ns
[    0.619964] platform rtc_cmos: registered platform RTC device (no PNP device found)
[    0.621689] Scanning for low memory corruption every 60 seconds
[    0.623587] Initialise system trusted keyrings
[    0.624921] Key type blacklist registered
[    0.626080] workingset: timestamp_bits=36 max_order=18 bucket_order=0
[    0.628641] zbud: loaded
[    0.629846] squashfs: version 4.0 (2009/01/31) Phillip Lougher
[    0.631291] fuse init (API version 7.26)
[    0.633936] Key type asymmetric registered
[    0.634920] Asymmetric key parser 'x509' registered
[    0.635949] Block layer SCSI generic (bsg) driver version 0.4 loaded (major 246)
[    0.637621] io scheduler noop registered
[    0.638468] io scheduler deadline registered
[    0.639373] io scheduler cfq registered (default)
[    0.640810] ACPI: AC Adapter [AC] (on-line)
[    0.641969] input: Power Button as /devices/LNXSYSTM:00/LNXPWRBN:00/input/input0
[    0.643574] ACPI: Power Button [PWRF]
[    0.644605] input: Sleep Button as /devices/LNXSYSTM:00/LNXSLPBN:00/input/input1
[    0.646120] ACPI: Sleep Button [SLPF]
[    0.648061] ACPI: Battery Slot [BAT0] (battery present)
[    0.648186] Serial: 8250/16550 driver, 32 ports, IRQ sharing enabled
[    0.671359] 00:02: ttyS0 at I/O 0x3f8 (irq = 4, base_baud = 115200) is a 16550A
[    0.674621] Linux agpgart interface v0.103
[    0.677462] loop: module loaded
[    0.678915] scsi host0: ata_piix
[    0.679853] scsi host1: ata_piix
[    0.680773] ata1: PATA max UDMA/33 cmd 0x1f0 ctl 0x3f6 bmdma 0xd000 irq 14
[    0.682132] ata2: PATA max UDMA/33 cmd 0x170 ctl 0x376 bmdma 0xd008 irq 15
[    0.683618] tun: Universal TUN/TAP device driver, 1.6
[    0.684834] PPP generic driver version 2.4.2
[    0.685791] ehci_hcd: USB 2.0 'Enhanced' Host Controller (EHCI) Driver
[    0.687061] ehci-pci: EHCI PCI platform driver
[    0.687968] ehci-platform: EHCI generic platform driver
[    0.689143] ohci_hcd: USB 1.1 'Open' Host Controller (OHCI) Driver
[    0.690399] ohci-pci: OHCI PCI platform driver
[    0.691533] ohci-platform: OHCI generic platform driver
[    0.693034] uhci_hcd: USB Universal Host Controller Interface driver
[    0.694470] i8042: PNP: PS/2 Controller [PNP0303:PS2K,PNP0f03:PS2M] at 0x60,0x64 irq 1,12
[    0.696936] serio: i8042 KBD port at 0x60,0x64 irq 1
[    0.698040] serio: i8042 AUX port at 0x60,0x64 irq 12
[    0.699109] mousedev: PS/2 mouse device common for all mice
[    0.700625] input: AT Translated Set 2 keyboard as /devices/platform/i8042/serio0/input/input2
[    0.702830] rtc_cmos rtc_cmos: rtc core: registered rtc_cmos as rtc0
[    0.704169] rtc_cmos rtc_cmos: alarms up to one day, 114 bytes nvram
[    0.705491] i2c /dev entries driver
[    0.706317] device-mapper: uevent: version 1.0.3
[    0.707332] device-mapper: ioctl: 4.37.0-ioctl (2017-09-20) initialised: dm-devel@redhat.com
[    0.709422] ledtrig-cpu: registered to indicate activity on CPUs
[    0.711052] NET: Registered protocol family 10
[    0.715934] Segment Routing with IPv6
[    0.716951] NET: Registered protocol family 17
[    0.718109] Key type dns_resolver registered
[    0.719320] mce: Using 0 MCE banks
[    0.720175] RAS: Correctable Errors collector initialized.
[    0.721416] sched_clock: Marking stable (721399466, 0)->(913777710, -192378244)
[    0.723262] registered taskstats version 1
[    0.724162] Loading compiled-in X.509 certificates
[    0.728040] Loaded X.509 cert 'Build time autogenerated kernel key: 449f52b446813ee48ad446aa51a5377584e80c28'
[    0.730631] Loaded X.509 cert 'Canonical Ltd. Live Patch Signing: 14df34d1a87cf37625abec039ef2bf521249b969'
[    0.733106] Loaded X.509 cert 'Canonical Ltd. Kernel Module Signing: 88f752e560a1e0737e31163a466ad7b70a850c19'
[    0.735117] blacklist: Loading compiled-in revocation X.509 certificates
[    0.736632] Loaded X.509 cert 'Canonical Ltd. Secure Boot Signing: 61482aa2830d0ab2ad5af10b7250da9033ddcef0'
[    0.738546] Loaded X.509 cert 'Canonical Ltd. Secure Boot Signing (2017): 242ade75ac4a15e50d50c84b0d45ff3eae707a03'
[    0.740572] Loaded X.509 cert 'Canonical Ltd. Secure Boot Signing (ESM 2018): 365188c1d374d6b07c3c8f240f8ef722433d6a8b'
[    0.743142] Loaded X.509 cert 'Canonical Ltd. Secure Boot Signing (2019): c0746fd6c5da3ae827864651ad66ae47fe24b3e8'
[    0.745348] Loaded X.509 cert 'Canonical Ltd. Secure Boot Signing (2021 v1): a8d54bbb3825cfb94fa13c9f8a594a195c107b8d'
[    0.747395] Loaded X.509 cert 'Canonical Ltd. Secure Boot Signing (2021 v2): 4cf046892d6fd3c9a5b03f98d845f90851dc6a8c'
[    0.749607] Loaded X.509 cert 'Canonical Ltd. Secure Boot Signing (2021 v3): 100437bb6de6e469b581e61cd66bce3ef4ed53af'
[    0.751661] Loaded X.509 cert 'Canonical Ltd. Secure Boot Signing (Ubuntu Core 2019): c1d57b8f6b743f23ee41f4f7ee292f06eecadfb9'
[    0.754053] zswap: loaded using pool lzo/zbud
[    0.759078] Key type big_key registered
[    0.760017] Key type trusted registered
[    0.762997] Key type encrypted registered
[    0.763910] AppArmor: AppArmor sha1 policy hashing enabled
[    0.765323] ima: No TPM chip found, activating TPM-bypass! (rc=-19)
[    0.766635] ima: Allocated hash algorithm: sha1
[    0.767598] evm: HMAC attrs: 0x1
[    0.768667]   Magic number: 11:788:302
[    0.769472] tty tty31: hash matches
[    0.770335] rtc_cmos rtc_cmos: setting system clock to 2023-02-22 23:15:55 UTC (1677107755)
[    0.772259] BIOS EDD facility v0.16 2004-Jun-25, 0 devices found
[    0.773536] EDD information not available.
[    1.188724] Freeing unused kernel image memory: 2480K
[    1.200280] Write protecting the kernel read-only data: 20480k
[    1.202459] Freeing unused kernel image memory: 2008K
[    1.204043] Freeing unused kernel image memory: 1820K
[    1.215212] x86/mm: Checked W+X mappings: passed, no W+X pages found.
[    1.216721] x86/mm: Checking user space page tables
[    1.228134] x86/mm: Checked W+X mappings: passed, no W+X pages found.
Loading, please wait...
starting version 237
[    1.323499] e1000: Intel(R) PRO/1000 Network Driver - version 7.3.21-k8-NAPI
[    1.325439] e1000: Copyright (c) 1999-2006 Intel Corporation.
[    1.334787] Fusion MPT base driver 3.04.20
[    1.335786] Copyright (c) 1999-2008 LSI Corporation
[    1.348345] AVX2 version of gcm_enc/dec engaged.
[    1.349469] AES CTR mode by8 optimization enabled
[    1.355533] Fusion MPT SPI Host driver 3.04.20
[    1.577835] input: ImExPS/2 Generic Explorer Mouse as /devices/platform/i8042/serio1/input/input4
[    1.742374] e1000 0000:00:03.0 eth0: (PCI:33MHz:32-bit) 02:4f:75:14:cc:00
[    1.744026] e1000 0000:00:03.0 eth0: Intel(R) PRO/1000 Network Connection
[    1.746754] mptbase: ioc0: Initiating bringup
[    1.747145] e1000 0000:00:03.0 enp0s3: renamed from eth0
[    1.853392] ioc0: LSI53C1030 A0: Capabilities={Initiator}
[    2.103925] scsi host2: ioc0: LSI53C1030 A0, FwRev=00000000h, Ports=1, MaxQ=256, IRQ=20
[    2.277325] scsi 2:0:0:0: Direct-Access     VBOX     HARDDISK         1.0  PQ: 0 ANSI: 5
[    2.707466] scsi target2:0:0: Beginning Domain Validation
[    2.715566] scsi target2:0:0: Domain Validation skipping write tests
[    2.720118] scsi target2:0:0: Ending Domain Validation
[    2.724143] scsi target2:0:0: asynchronous
[    2.728864] scsi 2:0:1:0: Direct-Access     VBOX     HARDDISK         1.0  PQ: 0 ANSI: 5
[    3.633189] scsi target2:0:1: Beginning Domain Validation
[    3.640471] scsi target2:0:1: Domain Validation skipping write tests
[    3.644954] scsi target2:0:1: Ending Domain Validation
[    3.649188] scsi target2:0:1: asynchronous
[    3.665581] sd 2:0:0:0: [sda] 83886080 512-byte logical blocks: (42.9 GB/40.0 GiB)
[    3.669563] sd 2:0:0:0: [sda] Write Protect is off
[    3.671589] sd 2:0:0:0: Attached scsi generic sg0 type 0
[    3.673703] sd 2:0:0:0: [sda] Incomplete mode parameter data
[    3.675448] sd 2:0:0:0: [sda] Assuming drive cache: write through
[    3.678472] sd 2:0:1:0: [sdb] 20480 512-byte logical blocks: (10.5 MB/10.0 MiB)
[    3.680535] sd 2:0:1:0: Attached scsi generic sg1 type 0
[    3.681970] sd 2:0:1:0: [sdb] Write Protect is off
[    3.683637] sd 2:0:1:0: [sdb] Incomplete mode parameter data
[    3.685006] sd 2:0:1:0: [sdb] Assuming drive cache: write through
[    3.687821]  sda: sda1
[    3.689911] sd 2:0:0:0: [sda] Attached SCSI disk
[    3.691388] sd 2:0:1:0: [sdb] Attached SCSI disk
Begin: Loading essential drivers ... [    5.336081] raid6: sse2x1   gen() 11289 MB/s
[    5.384041] raid6: sse2x1   xor()  7964 MB/s
[    5.432061] raid6: sse2x2   gen() 14023 MB/s
[    5.480085] raid6: sse2x2   xor()  9406 MB/s
[    5.528101] raid6: sse2x4   gen() 15874 MB/s
[    5.576047] raid6: sse2x4   xor()  9546 MB/s
[    5.624052] raid6: avx2x1   gen() 23015 MB/s
[    5.672057] raid6: avx2x1   xor() 15894 MB/s
[    5.720055] raid6: avx2x2   gen() 23360 MB/s
[    5.768066] raid6: avx2x2   xor() 12691 MB/s
[    5.816105] raid6: avx2x4   gen() 29344 MB/s
[    5.864033] raid6: avx2x4   xor() 18880 MB/s
[    5.864980] raid6: using algorithm avx2x4 gen() 29344 MB/s
[    5.866057] raid6: .... xor() 18880 MB/s, rmw enabled
[    5.867100] raid6: using avx2x2 recovery algorithm
[    5.869190] xor: automatically using best checksumming function   avx       
[    5.871313] async_tx: api initialized (async)
done.
Begin: Running /scripts/init-premount ... done.
Begin: Mounting root file system ... Begin: Running /scripts/local-top ... done.
Begin: Running /scripts/local-premount ... [    5.920900] Btrfs loaded, crc32c=crc32c-intel
Scanning for Btrfs filesystems
done.
Warning: fsck not present, so skipping root file system
[    5.958014] EXT4-fs (sda1): INFO: recovery required on readonly filesystem
[    5.959445] EXT4-fs (sda1): write access will be enabled during recovery
[    6.103037] EXT4-fs (sda1): recovery complete
[    6.104282] EXT4-fs (sda1): mounted filesystem with ordered data mode. Opts: (null)
done.
Begin: Running /scripts/local-bottom ... done.
Begin: Running /scripts/init-bottom ... done.
[    6.453114] ip_tables: (C) 2000-2006 Netfilter Core Team
[    6.474713] systemd[1]: systemd 237 running in system mode. (+PAM +AUDIT +SELINUX +IMA +APPARMOR +SMACK +SYSVINIT +UTMP +LIBCRYPTSETUP +GCRYPT +GNUTLS +ACL +XZ +LZ4 +SECCOMP +BLKID +ELFUTILS +KMOD -IDN2 +IDN -PCRE2 default-hierarchy=hybrid)
[    6.481120] systemd[1]: Detected virtualization oracle.
[    6.482534] systemd[1]: Detected architecture x86-64.

Welcome to [1mUbuntu 18.04.6 LTS[0m!

[    6.489818] systemd[1]: Set hostname to <ubuntu-bionic>.
[    6.944728] systemd[1]: Reached target Mounting snaps.
[[0;32m  OK  [0m] Reached target Mounting snaps.
[    6.946658] systemd[1]: Reached target Mounted snaps.
[[0;32m  OK  [0m] Reached target Mounted snaps.
[    6.948516] systemd[1]: Set up automount Arbitrary Executable File Formats File System Automount Point.
[[0;32m  OK  [0m] Set up automount Arbitrary Executabâ€¦rmats File System Automount Point.
[    6.952616] systemd[1]: Created slice System Slice.
[[0;32m  OK  [0m] Created slice System Slice.
[    6.964380] systemd[1]: Listening on LVM2 metadata daemon socket.
[[0;32m  OK  [0m] Listening on LVM2 metadata daemon socket.
[    6.976552] systemd[1]: Created slice system-serial\x2dgetty.slice.
[[0;32m  OK  [0m] Created slice system-serial\x2dgetty.slice.
[[0;32m  OK  [0m] Listening on udev Kernel Socket.
[[0;32m  OK  [0m] Listening on Journal Socket.
         Mounting Huge Pages File System...
[[0;32m  OK  [0m] Listening on Journal Audit Socket.
[[0;32m  OK  [0m] Listening on udev Control Socket.
[[0;32m  OK  [0m] Listening on Network Service Netlink Socket.
         Starting Uncomplicated firewall...
         Mounting Kernel Debug File System...
         Starting Set the console keyboard layout...
         Starting Create list of required stâ€¦ce nodes for the current kernel...
[[0;32m  OK  [0m] Listening on LVM2 poll daemon socket.
[[0;32m  OK  [0m] Listening on Device-mapper event daemon FIFOs.
[[0;32m  OK  [0m] Listening on fsck to fsckd communication Socket.
         Starting udev Coldplug all Devices...
[[0;32m  OK  [0m] Reached target System Time Synchronized.
[[0;32m  OK  [0m] Listening on Syslog Socket.
[[0;32m  OK  [0m] Created slice User and Session Slice.
[[0;32m  OK  [0m] Reached target Slices.
         Starting File System Check on Root Device...
[[0;32m  OK  [0m] Listening on Journal Socket (/dev/log).
         Mounting POSIX Message Queue File System...
[[0;32m  OK  [0m] Reached target Swap.
         Starting Monitoring of LVM2 mirrorsâ€¦ng dmeventd or progress polling...
[[0;32m  OK  [0m] Started Forward Password Requests to Wall Directory Watch.
         Starting Journal Service...
         Starting Load Kernel Modules...
[[0;32m  OK  [0m] Reached target User and Group Name Lookups.
[[0;32m  OK  [0m] Listening on /dev/initctl Compatibility Named Pipe.
[[0;32m  OK  [0m] Mounted Huge Pages File System.
[[0;32m  OK  [0m] Started Uncomplicated firewall.
[[0;32m  OK  [0m] Mounted Kernel Debug File System.
[[0;32m  OK  [0m] Started Create list of required staâ€¦vice nodes for the current kernel.
[[0;32m  OK  [0m] Mounted POSIX Message Queue File System.
[[0;32m  OK  [0m] Started File System Check Daemon to report status.
         Starting Create Static Device Nodes in /dev...
[[0;32m  OK  [0m] Started udev Coldplug all Devices.
[[0;32m  OK  [0m] Started LVM2 metadata daemon.
[[0;32m  OK  [0m] Started Journal Service.
[    7.144170] Loading iSCSI transport class v2.0-870.
[    7.158540] iscsi: registered transport (tcp)
[[0;32m  OK  [0m] Started Create Static Device Nodes in /dev.
[[0;32m  OK  [0m] Started File System Check on Root Device.
         Starting Remount Root and Kernel File Systems...
[    7.272948] iscsi: registered transport (iser)
[[0;32m  OK  [0m] Started Load Kernel Modules.
[[0;32m  OK  [0m] Started Monitoring of LVM2 mirrors,â€¦sing dmeventd or progress polling.
[    7.294322] EXT4-fs (sda1): re-mounted. Opts: (null)
[[0;32m  OK  [0m] Started Remount Root and Kernel File Systems.
         Starting Flush Journal to Persistent Storage...
         Starting Load/Save Random Seed...
         Starting udev Kernel Device Manager...
         Mounting Kernel Configuration File System...
         Starting Apply Kernel Variables...
         Mounting FUSE Control File System...
[[0;32m  OK  [0m] Mounted Kernel Configuration File System.
[[0;32m  OK  [0m] Mounted FUSE Control File System.
[    7.324202] systemd-journald[407]: Received request to flush runtime journal from PID 1
[[0;32m  OK  [0m] Started Load/Save Random Seed.
[[0;32m  OK  [0m] Started Set the console keyboard layout.
[[0;32m  OK  [0m] Reached target Local File Systems (Pre).
[[0;32m  OK  [0m] Reached target Local File Systems.
         Starting Set console font and keymap...
         Starting Tell Plymouth To Write Out Runtime Data...
         Starting AppArmor initialization...
         Starting ebtables ruleset management...
[[0;32m  OK  [0m] Started udev Kernel Device Manager.
[[0;32m  OK  [0m] Started Set console font and keymap.
[[0;32m  OK  [0m] Started Dispatch Password Requests to Console Directory Watch.
[[0;32m  OK  [0m] Reached target Local Encrypted Volumes.
[[0;32m  OK  [0m] Started Tell Plymouth To Write Out Runtime Data.
[[0;32m  OK  [0m] Started Apply Kernel Variables.
[[0;32m  OK  [0m] Started Flush Journal to Persistent Storage.
         Starting Create Volatile Files and Directories...
[[0;32m  OK  [0m] Started ebtables ruleset management.
[[0;32m  OK  [0m] Started Create Volatile Files and Directories.
         Starting Update UTMP about System Boot/Shutdown...
[[0;32m  OK  [0m] Started Update UTMP about System Boot/Shutdown.
[[0;32m  OK  [0m] Found device /dev/ttyS0.
[[0;32m  OK  [0m] Started AppArmor initialization.
         Starting Initial cloud-init job (pre-networking)...
         Starting Load AppArmor profiles managed internally by snapd...
         Mounting Arbitrary Executable File Formats File System...
[[0;32m  OK  [0m] Listening on Load/Save RF Kill Switch Status /dev/rfkill Watch.
[[0;32m  OK  [0m] Mounted Arbitrary Executable File Formats File System.
[[0;32m  OK  [0m] Started Load AppArmor profiles managed internally by snapd.
[    9.918350] cloud-init[536]: Cloud-init v. 22.4.2-0ubuntu0~18.04.1 running 'init-local' at Wed, 22 Feb 2023 23:16:04 +0000. Up 9.66 seconds.
[[0;32m  OK  [0m] Started Initial cloud-init job (pre-networking).
[[0;32m  OK  [0m] Reached target Network (Pre).
         Starting Network Service...
[[0;32m  OK  [0m] Started Network Service.
         Starting Network Name Resolution...
         Starting Wait for Network to be Configured...
[[0;32m  OK  [0m] Started Network Name Resolution.
[[0;32m  OK  [0m] Reached target Network.
[[0;32m  OK  [0m] Reached target Host and Network Name Lookups.
[[0;32m  OK  [0m] Started Wait for Network to be Configured.
         Starting Initial cloud-init job (metadata service crawler)...
[   12.540163] cloud-init[668]: Cloud-init v. 22.4.2-0ubuntu0~18.04.1 running 'init' at Wed, 22 Feb 2023 23:16:06 +0000. Up 12.23 seconds.
[   12.542743] cloud-init[668]: ci-info: ++++++++++++++++++++++++++++++++++++++Net device info++++++++++++++++++++++++++++++++++++++
[   12.545628] cloud-init[668]: ci-info: +--------+------+----------------------------+---------------+--------+-------------------+
[   12.548325] cloud-init[668]: ci-info: | Device |  Up  |          Address           |      Mask     | Scope  |     Hw-Address    |
[   12.550497] cloud-init[668]: ci-info: +--------+------+----------------------------+---------------+--------+-------------------+
[   12.552839] cloud-init[668]: ci-info: | enp0s3 | True |         10.0.2.15          | 255.255.255.0 | global | 02:4f:75:14:cc:00 |
[   12.555085] cloud-init[668]: ci-info: | enp0s3 | True | fe80::4f:75ff:fe14:cc00/64 |       .       |  link  | 02:4f:75:14:cc:00 |
[   12.557526] cloud-init[668]: ci-info: |   lo   | True |         127.0.0.1          |   255.0.0.0   |  host  |         .         |
[   12.559143] cloud-init[668]: ci-info: |   lo   | True |          ::1/128           |       .       |  host  |         .         |
[   12.560463] cloud-init[668]: ci-info: +--------+------+----------------------------+---------------+--------+-------------------+
[   12.561923] cloud-init[668]: ci-info: ++++++++++++++++++++++++++++Route IPv4 info+++++++++++++++++++++++++++++
[   12.563162] cloud-init[668]: ci-info: +-------+-------------+----------+-----------------+-----------+-------+
[   12.564469] cloud-init[668]: ci-info: | Route | Destination | Gateway  |     Genmask     | Interface | Flags |
[   12.565595] cloud-init[668]: ci-info: +-------+-------------+----------+-----------------+-----------+-------+
[   12.566746] cloud-init[668]: ci-info: |   0   |   0.0.0.0   | 10.0.2.2 |     0.0.0.0     |   enp0s3  |   UG  |
[   12.576262] cloud-init[668]: ci-info: |   1   |   10.0.2.0  | 0.0.0.0  |  255.255.255.0  |   enp0s3  |   U   |
[   12.577428] cloud-init[668]: ci-info: |   2   |   10.0.2.2  | 0.0.0.0  | 255.255.255.255 |   enp0s3  |   UH  |
[   12.578581] cloud-init[668]: ci-info: +-------+-------------+----------+-----------------+-----------+-------+
[   12.580136] cloud-init[668]: ci-info: +++++++++++++++++++Route IPv6 info+++++++++++++++++++
[   12.581160] cloud-init[668]: ci-info: +-------+-------------+---------+-----------+-------+
[   12.582183] cloud-init[668]: ci-info: | Route | Destination | Gateway | Interface | Flags |
[   12.583191] cloud-init[668]: ci-info: +-------+-------------+---------+-----------+-------+
[   12.584768] cloud-init[668]: ci-info: |   1   |  fe80::/64  |    ::   |   enp0s3  |   U   |
[   12.586002] cloud-init[668]: ci-info: |   3   |    local    |    ::   |   enp0s3  |   U   |
[   12.587267] cloud-init[668]: ci-info: |   4   |   ff00::/8  |    ::   |   enp0s3  |   U   |
[   12.588531] cloud-init[668]: ci-info: +-------+-------------+---------+-----------+-------+
[[0;32m  OK  [0m] Started Initial cloud-init job (metadata service crawler).
[[0;32m  OK  [0m] Reached target Network is Online.
[[0;32m  OK  [0m] Reached target Remote File Systems (Pre).
         Starting Availability of block devices...
         Mounting /vagrant...
[[0;32m  OK  [0m] Reached target System Initialization.
[[0;32m  OK  [0m] Started ACPI Events Check.
[[0;32m  OK  [0m] Reached target Paths.
[[0;32m  OK  [0m] Started Message of the Day.
[[0;32m  OK  [0m] Listening on ACPID Listen Socket.
[[0;32m  OK  [0m] Started Daily Cleanup of Temporary Directories.
[[0;32m  OK  [0m] Listening on UUID daemon activation socket.
[[0;32m  OK  [0m] Listening on Open-iSCSI iscsid Socket.
[[0;32m  OK  [0m] Listening on D-Bus System Message Bus Socket.
[[0;32m  OK  [0m] Started Daily apt download activities.
[[0;32m  OK  [0m] Started Daily apt upgrade and clean activities.
[[0;32m  OK  [0m] Listening on cloud-init hotplug hook socket.
         Starting LXD - unix socket.
         Starting Socket activation for snappy daemon.
[[0;32m  OK  [0m] Started Ubuntu Advantage Timer for running repeated jobs.
[[0;32m  OK  [0m] Started Discard unused blocks once a week.
[[0;32m  OK  [0m] Reached target Timers.
[[0;32m  OK  [0m] Reached target Cloud-config availability.
[[0;32m  OK  [0m] Started Availability of block devices.
[[0;32m  OK  [0m] Mounted /vagrant.
[[0;32m  OK  [0m] Listening on LXD - unix socket.
[[0;32m  OK  [0m] Listening on Socket activation for snappy daemon.
[[0;32m  OK  [0m] Reached target Sockets.
[[0;32m  OK  [0m] Reached target Basic System.
         Starting System Logging Service...
[[0;32m  OK  [0m] Started D-Bus System Message Bus.
         Starting Dispatcher daemon for systemd-networkd...
         Starting Virtualbox guest utils...
[[0;32m  OK  [0m] Started Deferred execution scheduler.
         Starting Login Service...
         Starting OpenBSD Secure Shell server...
         Starting Snap Daemon...
[[0;32m  OK  [0m] Started FUSE filesystem for LXC.
[[0;32m  OK  [0m] Started Regular background program processing daemon.
[[0;32m  OK  [0m] Reached target Login Prompts (Pre).
[[0;32m  OK  [0m] Started irqbalance daemon.
         Starting LSB: Record successful boot for GRUB...
         Starting Accounts Service...
         Starting LXD - container startup/shutdown...
[[0;32m  OK  [0m] Reached target Remote File Systems.
         Starting LSB: automatic crash report generation...
         Starting Permit User Sessions...
[[0;32m  OK  [0m] Started System Logging Service.
[[0;32m  OK  [0m] Started Login Service.
[[0;32m  OK  [0m] Started Unattended Upgrades Shutdown.
[[0;32m  OK  [0m] Started Permit User Sessions.
         Starting Hold until boot process finishes up...
         Starting Terminate Plymouth Boot Screen...
[[0;32m  OK  [0m] Started Hold until boot process finishes up.
[[0;32m  OK  [0m] Started Serial Getty on ttyS0.
         Starting Set console scheme...
[[0;32m  OK  [0m] Started Terminate Plymouth Boot Screen.
[[0;32m  OK  [0m] Started OpenBSD Secure Shell server.
[[0;32m  OK  [0m] Started Set console scheme.
[[0;32m  OK  [0m] Created slice system-getty.slice.
[[0;32m  OK  [0m] Started Getty on tty1.
[[0;32m  OK  [0m] Reached target Login Prompts.
[[0;32m  OK  [0m] Started Virtualbox guest utils.
[[0;32m  OK  [0m] Started LSB: automatic crash report generation.
         Starting Authorization Manager...
[[0;32m  OK  [0m] Started LSB: Record successful boot for GRUB.
[[0;32m  OK  [0m] Started Authorization Manager.
[[0;32m  OK  [0m] Started Accounts Service.
[[0;32m  OK  [0m] Created slice User Slice of vagrant.
[[0;32m  OK  [0m] Started Dispatcher daemon for systemd-networkd.
[[0;32m  OK  [0m] Started LXD - container startup/shutdown.
         Starting User Manager for UID 1000...
[[0;32m  OK  [0m] Started Session 1 of user vagrant.
[[0;32m  OK  [0m] Started User Manager for UID 1000.
[[0;32m  OK  [0m] Started Snap Daemon.
         Starting Wait until snapd is fully seeded...
         Starting Time & Date Service...
[[0;32m  OK  [0m] Started Time & Date Service.
[[0;32m  OK  [0m] Started Wait until snapd is fully seeded.
         Starting Apply the settings specified in cloud-config...
[   15.681951] cloud-init[1135]: Cloud-init v. 22.4.2-0ubuntu0~18.04.1 running 'modules:config' at Wed, 22 Feb 2023 23:16:10 +0000. Up 15.42 seconds.
[[0;32m  OK  [0m] Started Apply the settings specified in cloud-config.
[[0;32m  OK  [0m] Reached target Multi-User System.
[[0;32m  OK  [0m] Reached target Graphical Interface.
         Starting Update UTMP about System Runlevel Changes...
         Starting Execute cloud user/final scripts...
[[0;32m  OK  [0m] Started Update UTMP about System Runlevel Changes.
[   16.681164] cloud-init[1255]: Cloud-init v. 22.4.2-0ubuntu0~18.04.1 running 'modules:final' at Wed, 22 Feb 2023 23:16:11 +0000. Up 16.47 seconds.
[   16.682672] cloud-init[1255]: Cloud-init v. 22.4.2-0ubuntu0~18.04.1 finished at Wed, 22 Feb 2023 23:16:11 +0000. Datasource DataSourceNoCloud [seed=/dev/sdb][dsmode=net].  Up 16.67 seconds
[[0;32m  OK  [0m] Started Execute cloud user/final scripts.
[[0;32m  OK  [0m] Reached target Cloud-init target.

Ubuntu 18.04.6 LTS ubuntu-bionic ttyS0

ubuntu-bionic login: 